#
# A fatal error has been detected by the Java Runtime Environment:
#
#  EXCEPTION_ACCESS_VIOLATION (0xc0000005) at pc=0x00007ff8c82fb5b6, pid=24828, tid=26960
#
# JRE version: OpenJDK Runtime Environment Temurin-21.0.6+7 (21.0.6+7) (build 21.0.6+7-LTS)
# Java VM: OpenJDK 64-Bit Server VM Temurin-21.0.6+7 (21.0.6+7-LTS, mixed mode, sharing, tiered, compressed oops, compressed class ptrs, g1 gc, windows-amd64)
# Problematic frame:
# C  [awt.dll+0xdb5b6]
#
# No core dump will be written. Minidumps are not enabled by default on client versions of Windows
#
# If you would like to submit a bug report, please visit:
#   https://github.com/adoptium/adoptium-support/issues
# The crash happened outside the Java Virtual Machine in native code.
# See problematic frame for where to report the bug.
#

---------------  S U M M A R Y ------------

Command Line: -ea -agentlib:jdwp=transport=dt_shmem,address=javadebug -Dfile.encoding=UTF-8 bluej.runtime.ExecServer UTF-8

Host: AMD Ryzen 7 7730U with Radeon Graphics         , 16 cores, 15G,  Windows 11 , 64 bit Build 26100 (10.0.26100.8521)
Time: Wed Jun 24 15:24:57 2026 Hora estándar, América Central elapsed time: 92270.844061 seconds (1d 1h 37m 50s)

---------------  T H R E A D  ---------------

Current thread (0x000002d47f65ae50):  JavaThread "AWT-EventQueue-0"        [_thread_in_native, id=26960, stack(0x000000fce5300000,0x000000fce5400000) (1024K)]

Stack: [0x000000fce5300000,0x000000fce5400000],  sp=0x000000fce53fe920,  free space=1018k
Native frames: (J=compiled Java code, j=interpreted, Vv=VM code, C=native code)
C  [awt.dll+0xdb5b6]

Java frames: (J=compiled Java code, j=interpreted, Vv=VM code)
j  sun.awt.Win32GraphicsDevice.initNativeScale(I)V+0 java.desktop@21.0.6
j  sun.awt.Win32GraphicsDevice.initScaleFactors()V+60 java.desktop@21.0.6
j  sun.awt.Win32GraphicsDevice.displayChanged()V+16 java.desktop@21.0.6
j  sun.awt.Win32GraphicsEnvironment.displayChanged()V+271 java.desktop@21.0.6
j  sun.awt.windows.WToolkit.lambda$displayChanged$4()V+15 java.desktop@21.0.6
j  sun.awt.windows.WToolkit$$Lambda+0x000002d40106f068.run()V+0 java.desktop@21.0.6
j  java.awt.event.InvocationEvent.dispatch()V+47 java.desktop@21.0.6
j  java.awt.EventQueue.dispatchEventImpl(Ljava/awt/AWTEvent;Ljava/lang/Object;)V+21 java.desktop@21.0.6
j  java.awt.EventQueue$4.run()Ljava/lang/Void;+32 java.desktop@21.0.6
j  java.awt.EventQueue$4.run()Ljava/lang/Object;+1 java.desktop@21.0.6
j  java.security.AccessController.executePrivileged(Ljava/security/PrivilegedAction;Ljava/security/AccessControlContext;Ljava/lang/Class;)Ljava/lang/Object;+29 java.base@21.0.6
j  java.security.AccessController.doPrivileged(Ljava/security/PrivilegedAction;Ljava/security/AccessControlContext;)Ljava/lang/Object;+13 java.base@21.0.6
j  java.security.ProtectionDomain$JavaSecurityAccessImpl.doIntersectionPrivilege(Ljava/security/PrivilegedAction;Ljava/security/AccessControlContext;Ljava/security/AccessControlContext;)Ljava/lang/Object;+18 java.base@21.0.6
j  java.awt.EventQueue.dispatchEvent(Ljava/awt/AWTEvent;)V+46 java.desktop@21.0.6
j  java.awt.EventDispatchThread.pumpOneEventForFilters(I)V+81 java.desktop@21.0.6
j  java.awt.EventDispatchThread.pumpEventsForFilter(ILjava/awt/Conditional;Ljava/awt/EventFilter;)V+35 java.desktop@21.0.6
j  java.awt.EventDispatchThread.pumpEventsForHierarchy(ILjava/awt/Conditional;Ljava/awt/Component;)V+11 java.desktop@21.0.6
j  java.awt.EventDispatchThread.pumpEvents(ILjava/awt/Conditional;)V+4 java.desktop@21.0.6
j  java.awt.EventDispatchThread.pumpEvents(Ljava/awt/Conditional;)V+3 java.desktop@21.0.6
j  java.awt.EventDispatchThread.run()V+9 java.desktop@21.0.6
v  ~StubRoutines::call_stub 0x000002d46f56100d

siginfo: EXCEPTION_ACCESS_VIOLATION (0xc0000005), reading address 0x000000010000004e


Registers:
RAX=0x00000000fffffffe, RBX=0x000002d45d580070, RCX=0x00000000fffffffe, RDX=0x0000000000000000
RSP=0x000000fce53fe920, RBP=0x000000fce53fea00, RSI=0x0000000000000000, RDI=0x0000000000000000
R8 =0x0000000000000001, R9 =0x000000fce4e14000, R10=0x000002d46f570787, R11=0x0000000000000100
R12=0x0000000000000000, R13=0x000002d441245ed8, R14=0x000000fce53fea28, R15=0x000002d47f65ae50
RIP=0x00007ff8c82fb5b6, EFLAGS=0x0000000000010202

XMM[0]=0x0000000000000000 0x0000000000000000
XMM[1]=0x0000000000000000 0x00000000bf800000
XMM[2]=0x0000000000000000 0x0000000000000000
XMM[3]=0x0000000000000000 0x0000000000000000
XMM[4]=0x0000000000000000 0x0000000000000000
XMM[5]=0x0000000000000000 0x0000000000000000
XMM[6]=0x0000000000000000 0x0000000000000000
XMM[7]=0x0000000000000000 0x0000000000000000
XMM[8]=0x0000000000000000 0x0000000000000000
XMM[9]=0x0000000000000000 0x0000000000000000
XMM[10]=0x0000000000000000 0x0000000000000000
XMM[11]=0x0000000000000000 0x0000000000000000
XMM[12]=0x0000000000000000 0x0000000000000000
XMM[13]=0x0000000000000000 0x0000000000000000
XMM[14]=0x0000000000000000 0x0000000000000000
XMM[15]=0x0000000000000000 0x0000000000000000
  MXCSR=0x00001fa0


Register to memory mapping:

RAX=0x00000000fffffffe is an unknown value
RBX=0x000002d45d580070 points into unknown readable memory: 0x000002d47f61d6d0 | d0 d6 61 7f d4 02 00 00
RCX=0x00000000fffffffe is an unknown value
RDX=0x0 is null
RSP=0x000000fce53fe920 is pointing into the stack for thread: 0x000002d47f65ae50
RBP=0x000000fce53fea00 is pointing into the stack for thread: 0x000002d47f65ae50
RSI=0x0 is null
RDI=0x0 is null
R8 =0x0000000000000001 is an unknown value
R9 =0x000000fce4e14000 points into unknown readable memory: 0x0000000000000000 | 00 00 00 00 00 00 00 00
R10=0x000002d46f570787 is at code_begin+1927 in an Interpreter codelet
native method entry point (kind = native)  [0x000002d46f570000, 0x000002d46f571238]  4664 bytes
R11=0x0000000000000100 is an unknown value
R12=0x0 is null
R13={method} {0x000002d441245ee0} 'initNativeScale' '(I)V' in 'sun/awt/Win32GraphicsDevice'
R14=0x000000fce53fea28 is pointing into the stack for thread: 0x000002d47f65ae50
R15=0x000002d47f65ae50 is a thread

Top of Stack: (sp=0x000000fce53fe920)
0x000000fce53fe920:   000002d45d580070 000002d46f5695b8
0x000000fce53fe930:   0000000000000000 000002d45d580070
0x000000fce53fe940:   000002d45d580070 00007ff8c82fcdf2
0x000000fce53fe950:   00007ff8c835a848 000002d441245ed8
0x000000fce53fe960:   0000000000000000 00007ff8782dd328
0x000000fce53fe970:   000002d46f5696b9 000002d46f5707b6
0x000000fce53fe980:   000002d441245ed8 000002d47f65ae50
0x000000fce53fe990:   0000000000000000 0000000000000000
0x000000fce53fe9a0:   000000fce53fea00 0000000000000001
0x000000fce53fe9b0:   0000000718c70ce8 000000fce53fe9b8
0x000000fce53fe9c0:   0000000000000000 0000000000000005
0x000000fce53fe9d0:   000002d441248f10 0000000000000000
0x000000fce53fe9e0:   0000000718fc2aa0 000002d441245ed8
0x000000fce53fe9f0:   0000000000000000 000000fce53fea20
0x000000fce53fea00:   000000fce53fea78 000002d46f5691b4
0x000000fce53fea10:   0000000000000000 000002d46f56c6f7
0x000000fce53fea20:   0000000000000000 0000000718fc3448
0x000000fce53fea30:   000000fce53fea30 000002d44124652c
0x000000fce53fea40:   0000000000000002 000002d441248f10
0x000000fce53fea50:   0000000000000000 0000000718fc2aa0
0x000000fce53fea60:   000002d441246578 000000fce53fea20
0x000000fce53fea70:   000000fce53fea88 000000fce53fead8
0x000000fce53fea80:   000002d46f5691b4 0000000718fc3448
0x000000fce53fea90:   000000fce53fea90 000002d441247df0
0x000000fce53feaa0:   0000000000000003 000002d441248f10
0x000000fce53feab0:   0000000000000000 0000000718fc2aa0
0x000000fce53feac0:   000002d441247e38 000000fce53fea88
0x000000fce53fead0:   000000fce53feaf0 000000fce53feb40
0x000000fce53feae0:   000002d46f5691b4 0000000000000000
0x000000fce53feaf0:   0000000718fc3448 000000fce53feaf8
0x000000fce53feb00:   000002d441234dc7 0000000000000008
0x000000fce53feb10:   000002d441238c98 0000000000000000 

Instructions: (pc=0x00007ff8c82fb5b6)
0x00007ff8c82fb4b6:   00 68 00 00 00 0f 11 44 24 34 0f 11 44 24 44 0f
0x00007ff8c82fb4c6:   11 44 24 54 0f 11 44 24 64 0f 11 44 24 74 0f 11
0x00007ff8c82fb4d6:   84 24 84 00 00 00 89 84 24 94 00 00 00 c7 44 24
0x00007ff8c82fb4e6:   30 68 00 00 00 48 8d 94 24 a0 00 00 00 48 8b cd
0x00007ff8c82fb4f6:   ff 15 cc 88 06 00 85 c0 74 40 48 8d 54 24 30 48
0x00007ff8c82fb506:   8b ce ff 15 ba 88 06 00 85 c0 74 2e 48 8d 54 24
0x00007ff8c82fb516:   34 48 8d 8c 24 a4 00 00 00 ff 15 eb 83 06 00 85
0x00007ff8c82fb526:   c0 74 17 48 8d 54 24 44 48 8d 8c 24 b4 00 00 00
0x00007ff8c82fb536:   ff 15 d4 83 06 00 85 c0 75 11 ff c7 3b 7b 0c 0f
0x00007ff8c82fb546:   8c 15 ff ff ff 8b 3d 4f be 06 00 48 8b cb e8 b7
0x00007ff8c82fb556:   c9 f4 ff 90 8b c7 48 8b 8c 24 10 01 00 00 48 33
0x00007ff8c82fb566:   cc e8 54 02 01 00 4c 8d 9c 24 20 01 00 00 49 8b
0x00007ff8c82fb576:   5b 18 49 8b 6b 20 49 8b 73 28 49 8b e3 5f c3 cc
0x00007ff8c82fb586:   cc cc cc cc cc cc cc cc cc cc 48 8b 41 08 48 8b
0x00007ff8c82fb596:   80 18 0c 00 00 c3 cc cc cc cc 48 8b 41 08 48 05
0x00007ff8c82fb5a6:   00 04 00 00 c3 cc cc cc cc cc 40 53 48 83 ec 20
0x00007ff8c82fb5b6:   83 79 50 00 48 8b d9 75 56 48 8b 49 28 4c 8d 44
0x00007ff8c82fb5c6:   24 38 48 8d 54 24 30 c7 44 24 30 00 00 80 bf c7
0x00007ff8c82fb5d6:   44 24 38 00 00 80 bf e8 be e1 00 00 f3 0f 10 54
0x00007ff8c82fb5e6:   24 30 0f 57 c0 0f 2f d0 76 25 f3 0f 10 4c 24 38
0x00007ff8c82fb5f6:   0f 2f c8 76 1a f3 0f 5e 15 09 a7 02 00 f3 0f 5e
0x00007ff8c82fb606:   0d 01 a7 02 00 f3 0f 11 53 48 f3 0f 11 4b 4c 48
0x00007ff8c82fb616:   83 c4 20 5b c3 cc cc cc cc cc 48 89 5c 24 10 48
0x00007ff8c82fb626:   89 74 24 18 48 89 7c 24 20 41 56 48 83 ec 40 48
0x00007ff8c82fb636:   8b d9 48 83 79 18 00 75 14 b9 28 04 00 00 e8 97
0x00007ff8c82fb646:   97 00 00 48 89 43 18 c7 00 28 00 00 00 48 8b 43
0x00007ff8c82fb656:   18 33 ff 66 89 78 0e 48 8b 4b 28 e8 5a 03 00 00
0x00007ff8c82fb666:   48 8b f0 ba 01 00 00 00 44 8b c2 48 8b c8 ff 15
0x00007ff8c82fb676:   b6 7f 06 00 4c 8b f0 89 7c 24 30 48 8b 4b 18 48
0x00007ff8c82fb686:   89 4c 24 28 48 89 7c 24 20 44 8d 4f 01 45 33 c0
0x00007ff8c82fb696:   48 8b d0 48 8b ce ff 15 6e 80 06 00 48 8b 53 30
0x00007ff8c82fb6a6:   48 8b 0b 83 79 04 08 0f 8e 01 02 00 00 f6 42 24 


Stack slot to memory mapping:

stack at sp + 0 slots: 0x000002d45d580070 points into unknown readable memory: 0x000002d47f61d6d0 | d0 d6 61 7f d4 02 00 00
stack at sp + 1 slots: 0x000002d46f5695b8 is at code_begin+4408 in an Interpreter codelet
return entry points  [0x000002d46f568480, 0x000002d46f56a590]  8464 bytes
stack at sp + 2 slots: 0x0 is null
stack at sp + 3 slots: 0x000002d45d580070 points into unknown readable memory: 0x000002d47f61d6d0 | d0 d6 61 7f d4 02 00 00
stack at sp + 4 slots: 0x000002d45d580070 points into unknown readable memory: 0x000002d47f61d6d0 | d0 d6 61 7f d4 02 00 00
stack at sp + 5 slots: 0x00007ff8c82fcdf2 awt.dll
stack at sp + 6 slots: 0x00007ff8c835a848 awt.dll
stack at sp + 7 slots: {method} {0x000002d441245ee0} 'initNativeScale' '(I)V' in 'sun/awt/Win32GraphicsDevice'


---------------  P R O C E S S  ---------------

Threads class SMR info:
_java_thread_list=0x000002d47f75c500, length=20, elements={
0x000002d47f5e7b30, 0x000002d47f5e8580, 0x000002d47f5eca50, 0x000002d47f5f0bf0,
0x000002d47f5ef280, 0x000002d47f600d10, 0x000002d47f60b440, 0x000002d47f60ca40,
0x000002d47f7b1900, 0x000002d47f7b5320, 0x000002d47f7b5db0, 0x000002d47f603b00,
0x000002d47f6020c0, 0x000002d47f600680, 0x000002d47f602de0, 0x000002d47f6013a0,
0x000002d47f601a30, 0x000002d47f603470, 0x000002d47f602750, 0x000002d47f65ae50
}

Java Threads: ( => current thread )
  0x000002d47f5e7b30 JavaThread "Reference Handler"          daemon [_thread_blocked, id=22372, stack(0x000000fce5c00000,0x000000fce5d00000) (1024K)]
  0x000002d47f5e8580 JavaThread "Finalizer"                  daemon [_thread_blocked, id=41316, stack(0x000000fce5d00000,0x000000fce5e00000) (1024K)]
  0x000002d47f5eca50 JavaThread "Signal Dispatcher"          daemon [_thread_blocked, id=3436, stack(0x000000fce5e00000,0x000000fce5f00000) (1024K)]
  0x000002d47f5f0bf0 JavaThread "Attach Listener"            daemon [_thread_blocked, id=41168, stack(0x000000fce5f00000,0x000000fce6000000) (1024K)]
  0x000002d47f5ef280 JavaThread "Service Thread"             daemon [_thread_blocked, id=32272, stack(0x000000fce6000000,0x000000fce6100000) (1024K)]
  0x000002d47f600d10 JavaThread "Monitor Deflation Thread"   daemon [_thread_blocked, id=37668, stack(0x000000fce6100000,0x000000fce6200000) (1024K)]
  0x000002d47f60b440 JavaThread "C2 CompilerThread0"         daemon [_thread_blocked, id=38876, stack(0x000000fce6200000,0x000000fce6300000) (1024K)]
  0x000002d47f60ca40 JavaThread "C1 CompilerThread0"         daemon [_thread_blocked, id=40956, stack(0x000000fce6300000,0x000000fce6400000) (1024K)]
  0x000002d47f7b1900 JavaThread "JDWP Transport Listener: dt_shmem" daemon [_thread_blocked, id=25860, stack(0x000000fce6500000,0x000000fce6600000) (1024K)]
  0x000002d47f7b5320 JavaThread "JDWP Event Helper Thread"   daemon [_thread_blocked, id=31556, stack(0x000000fce6600000,0x000000fce6700000) (1024K)]
  0x000002d47f7b5db0 JavaThread "JDWP Command Reader"        daemon [_thread_in_native, id=29556, stack(0x000000fce6700000,0x000000fce6800000) (1024K)]
  0x000002d47f603b00 JavaThread "Notification Thread"        daemon [_thread_blocked, id=25032, stack(0x000000fce6800000,0x000000fce6900000) (1024K)]
  0x000002d47f6020c0 JavaThread "Common-Cleaner"             daemon [_thread_blocked, id=35556, stack(0x000000fce6900000,0x000000fce6a00000) (1024K)]
  0x000002d47f600680 JavaThread "Java2D Disposer"            daemon [_thread_blocked, id=1312, stack(0x000000fce6b00000,0x000000fce6c00000) (1024K)]
  0x000002d47f602de0 JavaThread "AWT-Windows"                daemon [_thread_in_native, id=30132, stack(0x000000fce6d00000,0x000000fce6e00000) (1024K)]
  0x000002d47f6013a0 JavaThread "main"                              [_thread_blocked, id=30744, stack(0x000000fce6e00000,0x000000fce6f00000) (1024K)]
  0x000002d47f601a30 JavaThread "BlueJ worker thread"               [_thread_blocked, id=12084, stack(0x000000fce6f00000,0x000000fce7000000) (1024K)]
  0x000002d47f603470 JavaThread "DestroyJavaVM"                     [_thread_blocked, id=16100, stack(0x000000fce5400000,0x000000fce5500000) (1024K)]
  0x000002d47f602750 JavaThread "AWT-Shutdown"                      [_thread_blocked, id=31644, stack(0x000000fce5200000,0x000000fce5300000) (1024K)]
=>0x000002d47f65ae50 JavaThread "AWT-EventQueue-0"                  [_thread_in_native, id=26960, stack(0x000000fce5300000,0x000000fce5400000) (1024K)]
Total: 20

Other Threads:
  0x000002d47f5c9180 VMThread "VM Thread"                           [id=1272, stack(0x000000fce5b00000,0x000000fce5c00000) (1024K)]
  0x000002d47f5b7ff0 WatcherThread "VM Periodic Task Thread"        [id=13852, stack(0x000000fce5a00000,0x000000fce5b00000) (1024K)]
  0x000002d45fa8d4c0 WorkerThread "GC Thread#0"                     [id=7760, stack(0x000000fce5500000,0x000000fce5600000) (1024K)]
  0x000002d45fa9e7a0 ConcurrentGCThread "G1 Main Marker"            [id=24400, stack(0x000000fce5600000,0x000000fce5700000) (1024K)]
  0x000002d45fa9f1a0 WorkerThread "G1 Conc#0"                       [id=36164, stack(0x000000fce5700000,0x000000fce5800000) (1024K)]
  0x000002d47f488c60 ConcurrentGCThread "G1 Refine#0"               [id=41448, stack(0x000000fce5800000,0x000000fce5900000) (1024K)]
  0x000002d47f4895e0 ConcurrentGCThread "G1 Service"                [id=24908, stack(0x000000fce5900000,0x000000fce5a00000) (1024K)]
Total: 7

Threads with active compile tasks:
Total: 0

VM state: not at safepoint (normal execution)

VM Mutex/Monitor currently owned by a thread: None

Heap address: 0x000000070a800000, size: 3928 MB, Compressed Oops mode: Zero based, Oop shift amount: 3

CDS archive(s) mapped at: [0x000002d400000000-0x000002d400c80000-0x000002d400c80000), size 13107200, SharedBaseAddress: 0x000002d400000000, ArchiveRelocationMode: 1.
Compressed class space mapped at: 0x000002d401000000-0x000002d441000000, reserved size: 1073741824
Narrow klass base: 0x000002d400000000, Narrow klass shift: 0, Narrow klass range: 0x100000000

GC Precious Log:
 CardTable entry size: 512
 Card Set container configuration: InlinePtr #cards 4 size 8 Array Of Cards #cards 16 size 48 Howl #buckets 8 coarsen threshold 3686 Howl Bitmap #cards 512 size 80 coarsen threshold 460 Card regions per heap region 1 cards per card region 4096
 CPUs: 16 total, 16 available
 Memory: 15711M
 Large Page Support: Disabled
 NUMA Support: Disabled
 Compressed Oops: Enabled (Zero based)
 Heap Region Size: 2M
 Heap Min Capacity: 8M
 Heap Initial Capacity: 246M
 Heap Max Capacity: 3928M
 Pre-touch: Disabled
 Parallel Workers: 13
 Concurrent Workers: 3
 Concurrent Refinement Workers: 13
 Periodic GC: Disabled

Heap:
 garbage-first heap   total 251904K, used 14336K [0x000000070a800000, 0x0000000800000000)
  region size 2048K, 9 young (18432K), 0 survivors (0K)
 Metaspace       used 2783K, committed 2944K, reserved 1114112K
  class space    used 253K, committed 320K, reserved 1048576K

Heap Regions: E=young(eden), S=young(survivor), O=old, HS=humongous(starts), HC=humongous(continues), CS=collection set, F=free, TAMS=top-at-mark-start, PB=parsable bottom
|   0|0x000000070a800000, 0x000000070a800000, 0x000000070aa00000|  0%| F|  |TAMS 0x000000070a800000| PB 0x000000070a800000| Untracked 
|   1|0x000000070aa00000, 0x000000070aa00000, 0x000000070ac00000|  0%| F|  |TAMS 0x000000070aa00000| PB 0x000000070aa00000| Untracked 
|   2|0x000000070ac00000, 0x000000070ac00000, 0x000000070ae00000|  0%| F|  |TAMS 0x000000070ac00000| PB 0x000000070ac00000| Untracked 
|   3|0x000000070ae00000, 0x000000070ae00000, 0x000000070b000000|  0%| F|  |TAMS 0x000000070ae00000| PB 0x000000070ae00000| Untracked 
|   4|0x000000070b000000, 0x000000070b000000, 0x000000070b200000|  0%| F|  |TAMS 0x000000070b000000| PB 0x000000070b000000| Untracked 
|   5|0x000000070b200000, 0x000000070b200000, 0x000000070b400000|  0%| F|  |TAMS 0x000000070b200000| PB 0x000000070b200000| Untracked 
|   6|0x000000070b400000, 0x000000070b400000, 0x000000070b600000|  0%| F|  |TAMS 0x000000070b400000| PB 0x000000070b400000| Untracked 
|   7|0x000000070b600000, 0x000000070b600000, 0x000000070b800000|  0%| F|  |TAMS 0x000000070b600000| PB 0x000000070b600000| Untracked 
|   8|0x000000070b800000, 0x000000070b800000, 0x000000070ba00000|  0%| F|  |TAMS 0x000000070b800000| PB 0x000000070b800000| Untracked 
|   9|0x000000070ba00000, 0x000000070ba00000, 0x000000070bc00000|  0%| F|  |TAMS 0x000000070ba00000| PB 0x000000070ba00000| Untracked 
|  10|0x000000070bc00000, 0x000000070bc00000, 0x000000070be00000|  0%| F|  |TAMS 0x000000070bc00000| PB 0x000000070bc00000| Untracked 
|  11|0x000000070be00000, 0x000000070be00000, 0x000000070c000000|  0%| F|  |TAMS 0x000000070be00000| PB 0x000000070be00000| Untracked 
|  12|0x000000070c000000, 0x000000070c000000, 0x000000070c200000|  0%| F|  |TAMS 0x000000070c000000| PB 0x000000070c000000| Untracked 
|  13|0x000000070c200000, 0x000000070c200000, 0x000000070c400000|  0%| F|  |TAMS 0x000000070c200000| PB 0x000000070c200000| Untracked 
|  14|0x000000070c400000, 0x000000070c400000, 0x000000070c600000|  0%| F|  |TAMS 0x000000070c400000| PB 0x000000070c400000| Untracked 
|  15|0x000000070c600000, 0x000000070c600000, 0x000000070c800000|  0%| F|  |TAMS 0x000000070c600000| PB 0x000000070c600000| Untracked 
|  16|0x000000070c800000, 0x000000070c800000, 0x000000070ca00000|  0%| F|  |TAMS 0x000000070c800000| PB 0x000000070c800000| Untracked 
|  17|0x000000070ca00000, 0x000000070ca00000, 0x000000070cc00000|  0%| F|  |TAMS 0x000000070ca00000| PB 0x000000070ca00000| Untracked 
|  18|0x000000070cc00000, 0x000000070cc00000, 0x000000070ce00000|  0%| F|  |TAMS 0x000000070cc00000| PB 0x000000070cc00000| Untracked 
|  19|0x000000070ce00000, 0x000000070ce00000, 0x000000070d000000|  0%| F|  |TAMS 0x000000070ce00000| PB 0x000000070ce00000| Untracked 
|  20|0x000000070d000000, 0x000000070d000000, 0x000000070d200000|  0%| F|  |TAMS 0x000000070d000000| PB 0x000000070d000000| Untracked 
|  21|0x000000070d200000, 0x000000070d200000, 0x000000070d400000|  0%| F|  |TAMS 0x000000070d200000| PB 0x000000070d200000| Untracked 
|  22|0x000000070d400000, 0x000000070d400000, 0x000000070d600000|  0%| F|  |TAMS 0x000000070d400000| PB 0x000000070d400000| Untracked 
|  23|0x000000070d600000, 0x000000070d600000, 0x000000070d800000|  0%| F|  |TAMS 0x000000070d600000| PB 0x000000070d600000| Untracked 
|  24|0x000000070d800000, 0x000000070d800000, 0x000000070da00000|  0%| F|  |TAMS 0x000000070d800000| PB 0x000000070d800000| Untracked 
|  25|0x000000070da00000, 0x000000070da00000, 0x000000070dc00000|  0%| F|  |TAMS 0x000000070da00000| PB 0x000000070da00000| Untracked 
|  26|0x000000070dc00000, 0x000000070dc00000, 0x000000070de00000|  0%| F|  |TAMS 0x000000070dc00000| PB 0x000000070dc00000| Untracked 
|  27|0x000000070de00000, 0x000000070de00000, 0x000000070e000000|  0%| F|  |TAMS 0x000000070de00000| PB 0x000000070de00000| Untracked 
|  28|0x000000070e000000, 0x000000070e000000, 0x000000070e200000|  0%| F|  |TAMS 0x000000070e000000| PB 0x000000070e000000| Untracked 
|  29|0x000000070e200000, 0x000000070e200000, 0x000000070e400000|  0%| F|  |TAMS 0x000000070e200000| PB 0x000000070e200000| Untracked 
|  30|0x000000070e400000, 0x000000070e400000, 0x000000070e600000|  0%| F|  |TAMS 0x000000070e400000| PB 0x000000070e400000| Untracked 
|  31|0x000000070e600000, 0x000000070e600000, 0x000000070e800000|  0%| F|  |TAMS 0x000000070e600000| PB 0x000000070e600000| Untracked 
|  32|0x000000070e800000, 0x000000070e800000, 0x000000070ea00000|  0%| F|  |TAMS 0x000000070e800000| PB 0x000000070e800000| Untracked 
|  33|0x000000070ea00000, 0x000000070ea00000, 0x000000070ec00000|  0%| F|  |TAMS 0x000000070ea00000| PB 0x000000070ea00000| Untracked 
|  34|0x000000070ec00000, 0x000000070ec00000, 0x000000070ee00000|  0%| F|  |TAMS 0x000000070ec00000| PB 0x000000070ec00000| Untracked 
|  35|0x000000070ee00000, 0x000000070ee00000, 0x000000070f000000|  0%| F|  |TAMS 0x000000070ee00000| PB 0x000000070ee00000| Untracked 
|  36|0x000000070f000000, 0x000000070f000000, 0x000000070f200000|  0%| F|  |TAMS 0x000000070f000000| PB 0x000000070f000000| Untracked 
|  37|0x000000070f200000, 0x000000070f200000, 0x000000070f400000|  0%| F|  |TAMS 0x000000070f200000| PB 0x000000070f200000| Untracked 
|  38|0x000000070f400000, 0x000000070f400000, 0x000000070f600000|  0%| F|  |TAMS 0x000000070f400000| PB 0x000000070f400000| Untracked 
|  39|0x000000070f600000, 0x000000070f600000, 0x000000070f800000|  0%| F|  |TAMS 0x000000070f600000| PB 0x000000070f600000| Untracked 
|  40|0x000000070f800000, 0x000000070f800000, 0x000000070fa00000|  0%| F|  |TAMS 0x000000070f800000| PB 0x000000070f800000| Untracked 
|  41|0x000000070fa00000, 0x000000070fa00000, 0x000000070fc00000|  0%| F|  |TAMS 0x000000070fa00000| PB 0x000000070fa00000| Untracked 
|  42|0x000000070fc00000, 0x000000070fc00000, 0x000000070fe00000|  0%| F|  |TAMS 0x000000070fc00000| PB 0x000000070fc00000| Untracked 
|  43|0x000000070fe00000, 0x000000070fe00000, 0x0000000710000000|  0%| F|  |TAMS 0x000000070fe00000| PB 0x000000070fe00000| Untracked 
|  44|0x0000000710000000, 0x0000000710000000, 0x0000000710200000|  0%| F|  |TAMS 0x0000000710000000| PB 0x0000000710000000| Untracked 
|  45|0x0000000710200000, 0x0000000710200000, 0x0000000710400000|  0%| F|  |TAMS 0x0000000710200000| PB 0x0000000710200000| Untracked 
|  46|0x0000000710400000, 0x0000000710400000, 0x0000000710600000|  0%| F|  |TAMS 0x0000000710400000| PB 0x0000000710400000| Untracked 
|  47|0x0000000710600000, 0x0000000710600000, 0x0000000710800000|  0%| F|  |TAMS 0x0000000710600000| PB 0x0000000710600000| Untracked 
|  48|0x0000000710800000, 0x0000000710800000, 0x0000000710a00000|  0%| F|  |TAMS 0x0000000710800000| PB 0x0000000710800000| Untracked 
|  49|0x0000000710a00000, 0x0000000710a00000, 0x0000000710c00000|  0%| F|  |TAMS 0x0000000710a00000| PB 0x0000000710a00000| Untracked 
|  50|0x0000000710c00000, 0x0000000710c00000, 0x0000000710e00000|  0%| F|  |TAMS 0x0000000710c00000| PB 0x0000000710c00000| Untracked 
|  51|0x0000000710e00000, 0x0000000710e00000, 0x0000000711000000|  0%| F|  |TAMS 0x0000000710e00000| PB 0x0000000710e00000| Untracked 
|  52|0x0000000711000000, 0x0000000711000000, 0x0000000711200000|  0%| F|  |TAMS 0x0000000711000000| PB 0x0000000711000000| Untracked 
|  53|0x0000000711200000, 0x0000000711200000, 0x0000000711400000|  0%| F|  |TAMS 0x0000000711200000| PB 0x0000000711200000| Untracked 
|  54|0x0000000711400000, 0x0000000711400000, 0x0000000711600000|  0%| F|  |TAMS 0x0000000711400000| PB 0x0000000711400000| Untracked 
|  55|0x0000000711600000, 0x0000000711600000, 0x0000000711800000|  0%| F|  |TAMS 0x0000000711600000| PB 0x0000000711600000| Untracked 
|  56|0x0000000711800000, 0x0000000711800000, 0x0000000711a00000|  0%| F|  |TAMS 0x0000000711800000| PB 0x0000000711800000| Untracked 
|  57|0x0000000711a00000, 0x0000000711a00000, 0x0000000711c00000|  0%| F|  |TAMS 0x0000000711a00000| PB 0x0000000711a00000| Untracked 
|  58|0x0000000711c00000, 0x0000000711c00000, 0x0000000711e00000|  0%| F|  |TAMS 0x0000000711c00000| PB 0x0000000711c00000| Untracked 
|  59|0x0000000711e00000, 0x0000000711e00000, 0x0000000712000000|  0%| F|  |TAMS 0x0000000711e00000| PB 0x0000000711e00000| Untracked 
|  60|0x0000000712000000, 0x0000000712000000, 0x0000000712200000|  0%| F|  |TAMS 0x0000000712000000| PB 0x0000000712000000| Untracked 
|  61|0x0000000712200000, 0x0000000712200000, 0x0000000712400000|  0%| F|  |TAMS 0x0000000712200000| PB 0x0000000712200000| Untracked 
|  62|0x0000000712400000, 0x0000000712400000, 0x0000000712600000|  0%| F|  |TAMS 0x0000000712400000| PB 0x0000000712400000| Untracked 
|  63|0x0000000712600000, 0x0000000712600000, 0x0000000712800000|  0%| F|  |TAMS 0x0000000712600000| PB 0x0000000712600000| Untracked 
|  64|0x0000000712800000, 0x0000000712800000, 0x0000000712a00000|  0%| F|  |TAMS 0x0000000712800000| PB 0x0000000712800000| Untracked 
|  65|0x0000000712a00000, 0x0000000712a00000, 0x0000000712c00000|  0%| F|  |TAMS 0x0000000712a00000| PB 0x0000000712a00000| Untracked 
|  66|0x0000000712c00000, 0x0000000712c00000, 0x0000000712e00000|  0%| F|  |TAMS 0x0000000712c00000| PB 0x0000000712c00000| Untracked 
|  67|0x0000000712e00000, 0x0000000712e00000, 0x0000000713000000|  0%| F|  |TAMS 0x0000000712e00000| PB 0x0000000712e00000| Untracked 
|  68|0x0000000713000000, 0x0000000713000000, 0x0000000713200000|  0%| F|  |TAMS 0x0000000713000000| PB 0x0000000713000000| Untracked 
|  69|0x0000000713200000, 0x0000000713200000, 0x0000000713400000|  0%| F|  |TAMS 0x0000000713200000| PB 0x0000000713200000| Untracked 
|  70|0x0000000713400000, 0x0000000713400000, 0x0000000713600000|  0%| F|  |TAMS 0x0000000713400000| PB 0x0000000713400000| Untracked 
|  71|0x0000000713600000, 0x0000000713600000, 0x0000000713800000|  0%| F|  |TAMS 0x0000000713600000| PB 0x0000000713600000| Untracked 
|  72|0x0000000713800000, 0x0000000713800000, 0x0000000713a00000|  0%| F|  |TAMS 0x0000000713800000| PB 0x0000000713800000| Untracked 
|  73|0x0000000713a00000, 0x0000000713a00000, 0x0000000713c00000|  0%| F|  |TAMS 0x0000000713a00000| PB 0x0000000713a00000| Untracked 
|  74|0x0000000713c00000, 0x0000000713c00000, 0x0000000713e00000|  0%| F|  |TAMS 0x0000000713c00000| PB 0x0000000713c00000| Untracked 
|  75|0x0000000713e00000, 0x0000000713e00000, 0x0000000714000000|  0%| F|  |TAMS 0x0000000713e00000| PB 0x0000000713e00000| Untracked 
|  76|0x0000000714000000, 0x0000000714000000, 0x0000000714200000|  0%| F|  |TAMS 0x0000000714000000| PB 0x0000000714000000| Untracked 
|  77|0x0000000714200000, 0x0000000714200000, 0x0000000714400000|  0%| F|  |TAMS 0x0000000714200000| PB 0x0000000714200000| Untracked 
|  78|0x0000000714400000, 0x0000000714400000, 0x0000000714600000|  0%| F|  |TAMS 0x0000000714400000| PB 0x0000000714400000| Untracked 
|  79|0x0000000714600000, 0x0000000714600000, 0x0000000714800000|  0%| F|  |TAMS 0x0000000714600000| PB 0x0000000714600000| Untracked 
|  80|0x0000000714800000, 0x0000000714800000, 0x0000000714a00000|  0%| F|  |TAMS 0x0000000714800000| PB 0x0000000714800000| Untracked 
|  81|0x0000000714a00000, 0x0000000714a00000, 0x0000000714c00000|  0%| F|  |TAMS 0x0000000714a00000| PB 0x0000000714a00000| Untracked 
|  82|0x0000000714c00000, 0x0000000714c00000, 0x0000000714e00000|  0%| F|  |TAMS 0x0000000714c00000| PB 0x0000000714c00000| Untracked 
|  83|0x0000000714e00000, 0x0000000714e00000, 0x0000000715000000|  0%| F|  |TAMS 0x0000000714e00000| PB 0x0000000714e00000| Untracked 
|  84|0x0000000715000000, 0x0000000715000000, 0x0000000715200000|  0%| F|  |TAMS 0x0000000715000000| PB 0x0000000715000000| Untracked 
|  85|0x0000000715200000, 0x0000000715200000, 0x0000000715400000|  0%| F|  |TAMS 0x0000000715200000| PB 0x0000000715200000| Untracked 
|  86|0x0000000715400000, 0x0000000715400000, 0x0000000715600000|  0%| F|  |TAMS 0x0000000715400000| PB 0x0000000715400000| Untracked 
|  87|0x0000000715600000, 0x0000000715600000, 0x0000000715800000|  0%| F|  |TAMS 0x0000000715600000| PB 0x0000000715600000| Untracked 
|  88|0x0000000715800000, 0x0000000715800000, 0x0000000715a00000|  0%| F|  |TAMS 0x0000000715800000| PB 0x0000000715800000| Untracked 
|  89|0x0000000715a00000, 0x0000000715a00000, 0x0000000715c00000|  0%| F|  |TAMS 0x0000000715a00000| PB 0x0000000715a00000| Untracked 
|  90|0x0000000715c00000, 0x0000000715c00000, 0x0000000715e00000|  0%| F|  |TAMS 0x0000000715c00000| PB 0x0000000715c00000| Untracked 
|  91|0x0000000715e00000, 0x0000000715e00000, 0x0000000716000000|  0%| F|  |TAMS 0x0000000715e00000| PB 0x0000000715e00000| Untracked 
|  92|0x0000000716000000, 0x0000000716000000, 0x0000000716200000|  0%| F|  |TAMS 0x0000000716000000| PB 0x0000000716000000| Untracked 
|  93|0x0000000716200000, 0x0000000716200000, 0x0000000716400000|  0%| F|  |TAMS 0x0000000716200000| PB 0x0000000716200000| Untracked 
|  94|0x0000000716400000, 0x0000000716400000, 0x0000000716600000|  0%| F|  |TAMS 0x0000000716400000| PB 0x0000000716400000| Untracked 
|  95|0x0000000716600000, 0x0000000716600000, 0x0000000716800000|  0%| F|  |TAMS 0x0000000716600000| PB 0x0000000716600000| Untracked 
|  96|0x0000000716800000, 0x0000000716800000, 0x0000000716a00000|  0%| F|  |TAMS 0x0000000716800000| PB 0x0000000716800000| Untracked 
|  97|0x0000000716a00000, 0x0000000716a00000, 0x0000000716c00000|  0%| F|  |TAMS 0x0000000716a00000| PB 0x0000000716a00000| Untracked 
|  98|0x0000000716c00000, 0x0000000716c00000, 0x0000000716e00000|  0%| F|  |TAMS 0x0000000716c00000| PB 0x0000000716c00000| Untracked 
|  99|0x0000000716e00000, 0x0000000716e00000, 0x0000000717000000|  0%| F|  |TAMS 0x0000000716e00000| PB 0x0000000716e00000| Untracked 
| 100|0x0000000717000000, 0x0000000717000000, 0x0000000717200000|  0%| F|  |TAMS 0x0000000717000000| PB 0x0000000717000000| Untracked 
| 101|0x0000000717200000, 0x0000000717200000, 0x0000000717400000|  0%| F|  |TAMS 0x0000000717200000| PB 0x0000000717200000| Untracked 
| 102|0x0000000717400000, 0x0000000717400000, 0x0000000717600000|  0%| F|  |TAMS 0x0000000717400000| PB 0x0000000717400000| Untracked 
| 103|0x0000000717600000, 0x0000000717600000, 0x0000000717800000|  0%| F|  |TAMS 0x0000000717600000| PB 0x0000000717600000| Untracked 
| 104|0x0000000717800000, 0x0000000717800000, 0x0000000717a00000|  0%| F|  |TAMS 0x0000000717800000| PB 0x0000000717800000| Untracked 
| 105|0x0000000717a00000, 0x0000000717a00000, 0x0000000717c00000|  0%| F|  |TAMS 0x0000000717a00000| PB 0x0000000717a00000| Untracked 
| 106|0x0000000717c00000, 0x0000000717c00000, 0x0000000717e00000|  0%| F|  |TAMS 0x0000000717c00000| PB 0x0000000717c00000| Untracked 
| 107|0x0000000717e00000, 0x0000000717e00000, 0x0000000718000000|  0%| F|  |TAMS 0x0000000717e00000| PB 0x0000000717e00000| Untracked 
| 108|0x0000000718000000, 0x0000000718000000, 0x0000000718200000|  0%| F|  |TAMS 0x0000000718000000| PB 0x0000000718000000| Untracked 
| 109|0x0000000718200000, 0x0000000718200000, 0x0000000718400000|  0%| F|  |TAMS 0x0000000718200000| PB 0x0000000718200000| Untracked 
| 110|0x0000000718400000, 0x0000000718400000, 0x0000000718600000|  0%| F|  |TAMS 0x0000000718400000| PB 0x0000000718400000| Untracked 
| 111|0x0000000718600000, 0x0000000718600000, 0x0000000718800000|  0%| F|  |TAMS 0x0000000718600000| PB 0x0000000718600000| Untracked 
| 112|0x0000000718800000, 0x0000000718800000, 0x0000000718a00000|  0%| F|  |TAMS 0x0000000718800000| PB 0x0000000718800000| Untracked 
| 113|0x0000000718a00000, 0x0000000718a00000, 0x0000000718c00000|  0%| F|  |TAMS 0x0000000718a00000| PB 0x0000000718a00000| Untracked 
| 114|0x0000000718c00000, 0x0000000718ce1490, 0x0000000718e00000| 44%| E|  |TAMS 0x0000000718c00000| PB 0x0000000718c00000| Complete 
| 115|0x0000000718e00000, 0x0000000719000000, 0x0000000719000000|100%| E|CS|TAMS 0x0000000718e00000| PB 0x0000000718e00000| Complete 
| 116|0x0000000719000000, 0x0000000719200000, 0x0000000719200000|100%| E|CS|TAMS 0x0000000719000000| PB 0x0000000719000000| Complete 
| 117|0x0000000719200000, 0x0000000719400000, 0x0000000719400000|100%| E|CS|TAMS 0x0000000719200000| PB 0x0000000719200000| Complete 
| 118|0x0000000719400000, 0x0000000719600000, 0x0000000719600000|100%| E|CS|TAMS 0x0000000719400000| PB 0x0000000719400000| Complete 
| 119|0x0000000719600000, 0x0000000719800000, 0x0000000719800000|100%| E|CS|TAMS 0x0000000719600000| PB 0x0000000719600000| Complete 
| 120|0x0000000719800000, 0x0000000719a00000, 0x0000000719a00000|100%| E|CS|TAMS 0x0000000719800000| PB 0x0000000719800000| Complete 
| 121|0x0000000719a00000, 0x0000000719c00000, 0x0000000719c00000|100%| E|  |TAMS 0x0000000719a00000| PB 0x0000000719a00000| Complete 
| 122|0x0000000719c00000, 0x0000000719e00000, 0x0000000719e00000|100%| E|CS|TAMS 0x0000000719c00000| PB 0x0000000719c00000| Complete 

Card table byte_map: [0x000002d478140000,0x000002d4788f0000] _byte_map_base: 0x000002d4748ec000

Marking Bits: (CMBitMap*) 0x000002d45fa8dac0
 Bits: [0x000002d4788f0000, 0x000002d47c650000)

Polling page: 0x000002d45d7d0000

Metaspace:

Usage:
  Non-class:      2.47 MB used.
      Class:    253.92 KB used.
       Both:      2.72 MB used.

Virtual space:
  Non-class space:       64.00 MB reserved,       2.56 MB (  4%) committed,  1 nodes.
      Class space:        1.00 GB reserved,     320.00 KB ( <1%) committed,  1 nodes.
             Both:        1.06 GB reserved,       2.88 MB ( <1%) committed. 

Chunk freelists:
   Non-Class:  11.88 MB
       Class:  15.70 MB
        Both:  27.58 MB

MaxMetaspaceSize: unlimited
CompressedClassSpaceSize: 1.00 GB
Initial GC threshold: 21.00 MB
Current GC threshold: 21.00 MB
CDS: on
 - commit_granule_bytes: 65536.
 - commit_granule_words: 8192.
 - virtual_space_node_default_size: 8388608.
 - enlarge_chunks_in_place: 1.
 - use_allocation_guard: 0.


Internal statistics:

num_allocs_failed_limit: 0.
num_arena_births: 90.
num_arena_deaths: 0.
num_vsnodes_births: 2.
num_vsnodes_deaths: 0.
num_space_committed: 46.
num_space_uncommitted: 0.
num_chunks_returned_to_freelist: 0.
num_chunks_taken_from_freelist: 107.
num_chunk_merges: 0.
num_chunk_splits: 69.
num_chunks_enlarged: 32.
num_inconsistent_stats: 0.

CodeHeap 'non-profiled nmethods': size=119168Kb used=154Kb max_used=154Kb free=119013Kb
 bounds [0x000002d46fcb0000, 0x000002d46ff20000, 0x000002d477110000]
CodeHeap 'profiled nmethods': size=119104Kb used=643Kb max_used=643Kb free=118460Kb
 bounds [0x000002d468110000, 0x000002d468380000, 0x000002d46f560000]
CodeHeap 'non-nmethods': size=7488Kb used=1449Kb max_used=2020Kb free=6038Kb
 bounds [0x000002d46f560000, 0x000002d46f7d0000, 0x000002d46fcb0000]
 total_blobs=940 nmethods=456 adapters=389
 compilation: enabled
              stopped_count=0, restarted_count=0
 full_count=0

Compilation events (20 events):
Event: 25658.711 Thread 0x000002d47f60ca40  443       3       java.util.concurrent.locks.AbstractQueuedSynchronizer$ConditionObject::canReacquire (38 bytes)
Event: 25658.713 Thread 0x000002d47f60ca40 nmethod 443 0x000002d4681ab810 code [0x000002d4681ab9e0, 0x000002d4681abd40]
Event: 25658.713 Thread 0x000002d47f60ca40  444       3       java.util.concurrent.locks.AbstractQueuedSynchronizer::compareAndSetState (13 bytes)
Event: 25658.713 Thread 0x000002d47f60ca40 nmethod 444 0x000002d4681abe90 code [0x000002d4681ac020, 0x000002d4681ac148]
Event: 25658.713 Thread 0x000002d47f60ca40  445       3       java.util.concurrent.locks.AbstractQueuedSynchronizer::release (19 bytes)
Event: 25658.714 Thread 0x000002d47f60ca40 nmethod 445 0x000002d4681ac210 code [0x000002d4681ac420, 0x000002d4681aca58]
Event: 25658.714 Thread 0x000002d47f60ca40  446       3       java.util.concurrent.locks.ReentrantLock$Sync::tryRelease (51 bytes)
Event: 25658.760 Thread 0x000002d47f60ca40 nmethod 446 0x000002d4681acc90 code [0x000002d4681ace60, 0x000002d4681ad198]
Event: 25658.760 Thread 0x000002d47f60ca40  447       3       java.util.concurrent.locks.AbstractQueuedSynchronizer::signalNext (34 bytes)
Event: 25658.761 Thread 0x000002d47f60ca40 nmethod 447 0x000002d4681ad290 code [0x000002d4681ad480, 0x000002d4681ad920]
Event: 26018.749 Thread 0x000002d47f60ca40  450       3       java.lang.ref.ReferenceQueue::poll0 (65 bytes)
Event: 26018.796 Thread 0x000002d47f60ca40 nmethod 450 0x000002d4681ada90 code [0x000002d4681adc60, 0x000002d4681ae180]
Event: 28787.376 Thread 0x000002d47f60ca40  451       3       java.util.HashMap::isEmpty (13 bytes)
Event: 28787.377 Thread 0x000002d47f60ca40 nmethod 451 0x000002d4681ae290 code [0x000002d4681ae420, 0x000002d4681ae580]
Event: 92259.273 Thread 0x000002d47f60ca40  454       3       java.lang.invoke.MethodHandle::<init> (37 bytes)
Event: 92259.274 Thread 0x000002d47f60ca40 nmethod 454 0x000002d4681ae610 code [0x000002d4681ae840, 0x000002d4681aede0]
Event: 92259.274 Thread 0x000002d47f60ca40  456       3       java.util.concurrent.ConcurrentHashMap$Traverser::advance (188 bytes)
Event: 92259.276 Thread 0x000002d47f60ca40 nmethod 456 0x000002d4681af090 code [0x000002d4681af2e0, 0x000002d4681afe78]
Event: 92259.276 Thread 0x000002d47f60ca40  455       3       java.lang.invoke.LambdaForm::prepare (108 bytes)
Event: 92259.278 Thread 0x000002d47f60ca40 nmethod 455 0x000002d4681b0110 code [0x000002d4681b0360, 0x000002d4681b0b78]

GC Heap History (0 events):
No events

Dll operation events (7 events):
Event: 0.019 Loaded shared library C:\Program Files\BlueJ\jdk\bin\java.dll
Event: 0.073 Loaded shared library C:\Program Files\BlueJ\jdk\bin\jsvml.dll
Event: 0.445 Loaded shared library C:\Program Files\BlueJ\jdk\bin\net.dll
Event: 0.453 Loaded shared library C:\Program Files\BlueJ\jdk\bin\nio.dll
Event: 0.525 Loaded shared library C:\Program Files\BlueJ\jdk\bin\zip.dll
Event: 0.739 Loaded shared library C:\Program Files\BlueJ\jdk\bin\jimage.dll
Event: 0.762 Loaded shared library C:\Program Files\BlueJ\jdk\bin\awt.dll

Deoptimization events (4 events):
Event: 0.831 Thread 0x000002d45d57fcc0 Uncommon trap: trap_request=0xffffff45 fr.pc=0x000002d46fcba96c relative=0x00000000000008cc
Event: 0.831 Thread 0x000002d45d57fcc0 Uncommon trap: reason=unstable_if action=reinterpret pc=0x000002d46fcba96c method=java.util.zip.ZipFile$Source.checkAndAddEntry(II)I @ 50 c2
Event: 0.831 Thread 0x000002d45d57fcc0 DEOPT PACKING pc=0x000002d46fcba96c sp=0x000000fce54fcf50
Event: 0.831 Thread 0x000002d45d57fcc0 DEOPT UNPACKING pc=0x000002d46f5b46a2 sp=0x000000fce54fcee0 mode 2

Classes loaded (20 events):
Event: 92259.271 Loading class sun/java2d/d3d/D3DContext$D3DContextCaps
Event: 92259.272 Loading class sun/java2d/pipe/hw/ContextCapabilities
Event: 92259.272 Loading class sun/java2d/pipe/hw/ContextCapabilities done
Event: 92259.272 Loading class sun/java2d/d3d/D3DContext$D3DContextCaps done
Event: 92259.274 Loading class sun/awt/Win32GraphicsConfig
Event: 92259.275 Loading class sun/awt/image/SurfaceManager$ProxiedGraphicsConfig
Event: 92259.275 Loading class sun/awt/image/SurfaceManager$ProxiedGraphicsConfig done
Event: 92259.276 Loading class java/awt/GraphicsConfiguration
Event: 92259.276 Loading class java/awt/GraphicsConfiguration done
Event: 92259.276 Loading class sun/awt/Win32GraphicsConfig done
Event: 92259.277 Loading class java/awt/Rectangle
Event: 92259.277 Loading class java/awt/Shape
Event: 92259.278 Loading class java/awt/Shape done
Event: 92259.278 Loading class java/awt/geom/Rectangle2D
Event: 92259.278 Loading class java/awt/geom/RectangularShape
Event: 92259.279 Loading class java/awt/geom/RectangularShape done
Event: 92259.279 Loading class java/awt/geom/Rectangle2D done
Event: 92259.279 Loading class java/awt/Rectangle done
Event: 92270.824 Loading class java/util/ArrayList$ListItr
Event: 92270.826 Loading class java/util/ArrayList$ListItr done

Classes unloaded (0 events):
No events

Classes redefined (0 events):
No events

Internal exceptions (3 events):
Event: 0.712 Thread 0x000002d45d57fcc0 Exception <a 'java/lang/ClassNotFoundException'{0x0000000719892a70}: sun/awt/resources/spi/awtProvider> (0x0000000719892a70) 
thrown [s\src\hotspot\share\classfile\systemDictionary.cpp, line 312]
Event: 0.793 Thread 0x000002d45d57fcc0 Exception <a 'java/io/FileNotFoundException'{0x00000007198f61f8}> (0x00000007198f61f8) 
thrown [s\src\hotspot\share\prims\jni.cpp, line 520]
Event: 0.805 Thread 0x000002d45d57fcc0 Exception <a 'java/io/FileNotFoundException'{0x0000000719920b60}> (0x0000000719920b60) 
thrown [s\src\hotspot\share\prims\jni.cpp, line 520]

ZGC Phase Switch (0 events):
No events

VM Operations (20 events):
Event: 22982.461 Executing VM operation: RendezvousGCThreads
Event: 22982.461 Executing VM operation: RendezvousGCThreads done
Event: 23042.469 Executing VM operation: HandshakeAllThreads (HandshakeForDeflation)
Event: 23042.469 Executing VM operation: HandshakeAllThreads (HandshakeForDeflation) done
Event: 23042.469 Executing VM operation: RendezvousGCThreads
Event: 23042.469 Executing VM operation: RendezvousGCThreads done
Event: 25868.237 Executing VM operation: HandshakeAllThreads (HandshakeForDeflation)
Event: 25868.237 Executing VM operation: HandshakeAllThreads (HandshakeForDeflation) done
Event: 25868.237 Executing VM operation: RendezvousGCThreads
Event: 25868.237 Executing VM operation: RendezvousGCThreads done
Event: 28835.997 Executing VM operation: HandshakeAllThreads (HandshakeForDeflation)
Event: 28835.997 Executing VM operation: HandshakeAllThreads (HandshakeForDeflation) done
Event: 28835.997 Executing VM operation: RendezvousGCThreads
Event: 28835.997 Executing VM operation: RendezvousGCThreads done
Event: 91621.051 Executing VM operation: HandshakeAllThreads (HandshakeForDeflation)
Event: 91621.051 Executing VM operation: HandshakeAllThreads (HandshakeForDeflation) done
Event: 91621.051 Executing VM operation: RendezvousGCThreads
Event: 91621.051 Executing VM operation: RendezvousGCThreads done
Event: 92258.659 Executing VM operation: Cleanup
Event: 92258.659 Executing VM operation: Cleanup done

Memory protections (0 events):
No events

Nmethod flushes (0 events):
No events

Events (20 events):
Event: 49238.926 Thread 0x000002d47f602de0 Thread added: 0x000002d47f602750
Event: 49240.191 Thread 0x000002d47f602750 Thread exited: 0x000002d47f602750
Event: 74196.797 Thread 0x000002d47f602de0 Thread added: 0x000002d47f602750
Event: 74198.635 Thread 0x000002d47f602750 Thread exited: 0x000002d47f602750
Event: 91560.890 Thread 0x000002d47f602de0 Thread added: 0x000002d47f602750
Event: 91562.991 Thread 0x000002d47f602750 Thread exited: 0x000002d47f602750
Event: 91582.838 Thread 0x000002d47f602de0 Thread added: 0x000002d47f602750
Event: 91583.859 Thread 0x000002d47f602750 Thread exited: 0x000002d47f602750
Event: 92255.060 Thread 0x000002d47f602de0 Thread added: 0x000002d47f602750
Event: 92256.085 Thread 0x000002d47f602750 Thread exited: 0x000002d47f602750
Event: 92257.508 Thread 0x000002d47f602de0 Thread added: 0x000002d47f602750
Event: 92257.779 Thread 0x000002d47f602de0 Thread added: 0x000002d47f65b4e0
Event: 92258.820 Thread 0x000002d47f602750 Thread exited: 0x000002d47f602750
Event: 92258.820 Thread 0x000002d47f65b4e0 Thread exited: 0x000002d47f65b4e0
Event: 92259.046 Thread 0x000002d47f602de0 Thread added: 0x000002d47f602750
Event: 92259.129 Thread 0x000002d47f602de0 Thread added: 0x000002d47f65a7c0
Event: 92260.300 Thread 0x000002d47f602750 Thread exited: 0x000002d47f602750
Event: 92260.300 Thread 0x000002d47f65a7c0 Thread exited: 0x000002d47f65a7c0
Event: 92270.790 Thread 0x000002d47f602de0 Thread added: 0x000002d47f602750
Event: 92270.823 Thread 0x000002d47f602de0 Thread added: 0x000002d47f65ae50


Dynamic libraries:
0x00007ff7ea0f0000 - 0x00007ff7ea0fe000 	C:\Program Files\BlueJ\jdk\bin\java.exe
0x00007ff941f60000 - 0x00007ff9421c6000 	C:\windows\SYSTEM32\ntdll.dll
0x00007ff9419c0000 - 0x00007ff941a89000 	C:\windows\System32\KERNEL32.DLL
0x00007ff93f810000 - 0x00007ff93fc0a000 	C:\windows\System32\KERNELBASE.dll
0x00007ff93f370000 - 0x00007ff93f4bc000 	C:\windows\System32\ucrtbase.dll
0x00007ff918990000 - 0x00007ff9189a8000 	C:\Program Files\BlueJ\jdk\bin\jli.dll
0x00007ff918030000 - 0x00007ff91804e000 	C:\Program Files\BlueJ\jdk\bin\VCRUNTIME140.dll
0x00007ff9403d0000 - 0x00007ff940597000 	C:\windows\System32\USER32.dll
0x00007ff93e430000 - 0x00007ff93e6c2000 	C:\windows\WinSxS\amd64_microsoft.windows.common-controls_6595b64144ccf1df_6.0.26100.8521_none_3e08b75ce33403b3\COMCTL32.dll
0x00007ff93f6a0000 - 0x00007ff93f6c7000 	C:\windows\System32\win32u.dll
0x00007ff940640000 - 0x00007ff9406e9000 	C:\windows\System32\msvcrt.dll
0x00007ff941b40000 - 0x00007ff941b6b000 	C:\windows\System32\GDI32.dll
0x00007ff93f4c0000 - 0x00007ff93f5eb000 	C:\windows\System32\gdi32full.dll
0x00007ff93f5f0000 - 0x00007ff93f693000 	C:\windows\System32\msvcp_win.dll
0x00007ff940b80000 - 0x00007ff940bb2000 	C:\windows\System32\IMM32.DLL
0x00007ff924440000 - 0x00007ff92444c000 	C:\Program Files\BlueJ\jdk\bin\vcruntime140_1.dll
0x00007ff8f9850000 - 0x00007ff8f98dd000 	C:\Program Files\BlueJ\jdk\bin\msvcp140.dll
0x00007ff8778d0000 - 0x00007ff878660000 	C:\Program Files\BlueJ\jdk\bin\server\jvm.dll
0x00007ff93ff20000 - 0x00007ff93ffd6000 	C:\windows\System32\ADVAPI32.dll
0x00007ff941a90000 - 0x00007ff941b3a000 	C:\windows\System32\sechost.dll
0x00007ff941c60000 - 0x00007ff941d78000 	C:\windows\System32\RPCRT4.dll
0x00007ff93ffe0000 - 0x00007ff940060000 	C:\windows\System32\WS2_32.dll
0x00007ff93f050000 - 0x00007ff93f0ae000 	C:\windows\SYSTEM32\POWRPROF.dll
0x00007ff935c70000 - 0x00007ff935ca6000 	C:\windows\SYSTEM32\WINMM.dll
0x00007ff936e90000 - 0x00007ff936e9b000 	C:\windows\SYSTEM32\VERSION.dll
0x00007ff93f030000 - 0x00007ff93f044000 	C:\windows\SYSTEM32\UMPDC.dll
0x00007ff93d650000 - 0x00007ff93d66b000 	C:\windows\SYSTEM32\kernel.appcore.dll
0x00007ff9233e0000 - 0x00007ff9233ea000 	C:\Program Files\BlueJ\jdk\bin\jimage.dll
0x00007ff93eac0000 - 0x00007ff93ed02000 	C:\windows\SYSTEM32\DBGHELP.DLL
0x00007ff940cb0000 - 0x00007ff941033000 	C:\windows\System32\combase.dll
0x00007ff940bd0000 - 0x00007ff940ca9000 	C:\windows\System32\OLEAUT32.dll
0x00007ff93e890000 - 0x00007ff93e8cb000 	C:\windows\SYSTEM32\dbgcore.DLL
0x00007ff93f760000 - 0x00007ff93f808000 	C:\windows\System32\bcryptPrimitives.dll
0x00007ff911480000 - 0x00007ff9114bc000 	C:\Program Files\BlueJ\jdk\bin\jdwp.dll
0x00007ff911060000 - 0x00007ff91107f000 	C:\Program Files\BlueJ\jdk\bin\java.dll
0x00007ff941230000 - 0x00007ff9419b4000 	C:\windows\System32\SHELL32.dll
0x00007ff93c340000 - 0x00007ff93cbc0000 	C:\windows\SYSTEM32\windows.storage.dll
0x00007ff9400f0000 - 0x00007ff9401e6000 	C:\windows\System32\SHCORE.dll
0x00007ff93fcd0000 - 0x00007ff93fd37000 	C:\windows\System32\shlwapi.dll
0x00007ff93f110000 - 0x00007ff93f139000 	C:\windows\SYSTEM32\profapi.dll
0x00007ff8be9b0000 - 0x00007ff8bea87000 	C:\Program Files\BlueJ\jdk\bin\jsvml.dll
0x00007ff92d8e0000 - 0x00007ff92d8eb000 	C:\Program Files\BlueJ\jdk\bin\dt_shmem.dll
0x00007ff921f80000 - 0x00007ff921f90000 	C:\Program Files\BlueJ\jdk\bin\net.dll
0x00007ff935b10000 - 0x00007ff935c39000 	C:\windows\SYSTEM32\WINHTTP.dll
0x00007ff93db80000 - 0x00007ff93dbec000 	C:\windows\system32\mswsock.dll
0x00007ff905ee0000 - 0x00007ff905ef6000 	C:\Program Files\BlueJ\jdk\bin\nio.dll
0x00007ff905cb0000 - 0x00007ff905cc8000 	C:\Program Files\BlueJ\jdk\bin\zip.dll
0x00007ff8c8220000 - 0x00007ff8c83ae000 	C:\Program Files\BlueJ\jdk\bin\awt.dll
0x00007ff93b300000 - 0x00007ff93b3a0000 	C:\windows\SYSTEM32\apphelp.dll
0x00007ff93b510000 - 0x00007ff93b5ba000 	C:\windows\system32\uxtheme.dll
0x00007ff93fd40000 - 0x00007ff93fe9d000 	C:\windows\System32\MSCTF.dll
0x00007ff941d80000 - 0x00007ff941f18000 	C:\windows\System32\ole32.dll
0x00007ff93b790000 - 0x00007ff93b7bf000 	C:\windows\system32\DWMAPI.DLL
0x00007ff8a1190000 - 0x00007ff8a129c000 	C:\windows\system32\opengl32.dll
0x00007ff8a1160000 - 0x00007ff8a118d000 	C:\windows\SYSTEM32\GLU32.dll
0x00007ff93bc20000 - 0x00007ff93bc64000 	C:\windows\SYSTEM32\dxcore.dll

dbghelp: loaded successfully - version: 4.0.5 - missing functions: none
symbol engine: initialized successfully - sym options: 0x614 - pdb path: .;C:\Program Files\BlueJ\jdk\bin;C:\windows\SYSTEM32;C:\windows\WinSxS\amd64_microsoft.windows.common-controls_6595b64144ccf1df_6.0.26100.8521_none_3e08b75ce33403b3;C:\Program Files\BlueJ\jdk\bin\server

VM Arguments:
jvm_args: -ea -agentlib:jdwp=transport=dt_shmem,address=javadebug -Dfile.encoding=UTF-8 
java_command: bluej.runtime.ExecServer UTF-8
java_class_path (initial): C:\Program Files\BlueJ\lib\bluejcore.jar;C:\Program Files\BlueJ\lib\javafx-base-23.0.2-win.jar;C:\Program Files\BlueJ\lib\javafx-controls-23.0.2-win.jar;C:\Program Files\BlueJ\lib\javafx-fxml-23.0.2-win.jar;C:\Program Files\BlueJ\lib\javafx-graphics-23.0.2-win.jar;C:\Program Files\BlueJ\lib\javafx-media-23.0.2-win.jar;C:\Program Files\BlueJ\lib\javafx-swing-23.0.2-win.jar;C:\Program Files\BlueJ\lib\javafx-web-23.0.2-win.jar;C:\Program Files\BlueJ\lib\junit-4.12.jar;C:\Program Files\BlueJ\lib\junit-jupiter-5.5.2.jar;C:\Program Files\BlueJ\lib\junit-jupiter-api-5.5.2.jar;C:\Program Files\BlueJ\lib\junit-jupiter-engine-5.5.2.jar;C:\Program Files\BlueJ\lib\junit-jupiter-params-5.5.2.jar;C:\Program Files\BlueJ\lib\junit-platform-commons-1.5.2.jar;C:\Program Files\BlueJ\lib\junit-platform-engine-1.5.2.jar;C:\Program Files\BlueJ\lib\junit-platform-launcher-1.5.2.jar;C:\Program Files\BlueJ\lib\junit-platform-suite-api-1.5.2.jar;C:\Program Files\BlueJ\lib\junit-vintage-engine-5.5.2.jar;C:\Program Files\BlueJ\lib\hamcrest-core-1.3.jar;C:\Program Files\BlueJ\lib\opentest4j-1.2.0.jar;C:\Program Files\BlueJ\lib\lang-stride.jar;C:\Program Files\BlueJ\lib\javafx\javafx.base.jar;C:\Program Files\BlueJ\lib\javafx\javafx.controls.jar;C:\Program Files\BlueJ\lib\javafx\javafx.fxml.jar;C:\Program Files\BlueJ\lib\javafx\javafx.graphics.jar;C:\Program Files\BlueJ\lib\javafx\javafx.media.jar;C:\Program Files\BlueJ\lib\javafx\javafx.properties.jar;C:\Program Files\BlueJ\lib\javafx\javafx.swing.jar;C:\Program Files\BlueJ\lib\javafx\javafx.web.jar
Launcher Type: SUN_STANDARD

[Global flags]
     intx CICompilerCount                          = 12                                        {product} {ergonomic}
     uint ConcGCThreads                            = 3                                         {product} {ergonomic}
     uint G1ConcRefinementThreads                  = 13                                        {product} {ergonomic}
   size_t G1HeapRegionSize                         = 2097152                                   {product} {ergonomic}
    uintx GCDrainStackTargetSize                   = 64                                        {product} {ergonomic}
   size_t InitialHeapSize                          = 257949696                                 {product} {ergonomic}
   size_t MarkStackSize                            = 4194304                                   {product} {ergonomic}
   size_t MaxHeapSize                              = 4118806528                                {product} {ergonomic}
   size_t MaxNewSize                               = 2470445056                                {product} {ergonomic}
   size_t MinHeapDeltaBytes                        = 2097152                                   {product} {ergonomic}
   size_t MinHeapSize                              = 8388608                                   {product} {ergonomic}
    uintx NonNMethodCodeHeapSize                   = 7602480                                {pd product} {ergonomic}
    uintx NonProfiledCodeHeapSize                  = 122027880                              {pd product} {ergonomic}
    uintx ProfiledCodeHeapSize                     = 122027880                              {pd product} {ergonomic}
    uintx ReservedCodeCacheSize                    = 251658240                              {pd product} {ergonomic}
     bool SegmentedCodeCache                       = true                                      {product} {ergonomic}
   size_t SoftMaxHeapSize                          = 4118806528                             {manageable} {ergonomic}
     bool UseCompressedOops                        = true                           {product lp64_product} {ergonomic}
     bool UseG1GC                                  = true                                      {product} {ergonomic}
     bool UseLargePagesIndividualAllocation        = false                                  {pd product} {ergonomic}

Logging:
Log output configuration:
 #0: stdout all=warning uptime,level,tags foldmultilines=false
 #1: stderr all=off uptime,level,tags foldmultilines=false

Environment Variables:
PATH=C:\windows\system32;C:\windows;C:\windows\System32\Wbem;C:\windows\System32\WindowsPowerShell\v1.0\;C:\windows\System32\OpenSSH\;C:\Program Files\Wolfram Research\WolframScript\;C:\Users\gamaz\AppData\Local\Microsoft\WindowsApps;
USERNAME=gamaz
OS=Windows_NT
PROCESSOR_IDENTIFIER=AMD64 Family 25 Model 80 Stepping 0, AuthenticAMD
TMP=C:\Users\gamaz\AppData\Local\Temp
TEMP=C:\Users\gamaz\AppData\Local\Temp




Periodic native trim disabled

---------------  S Y S T E M  ---------------

OS:
 Windows 11 , 64 bit Build 26100 (10.0.26100.8521)
OS uptime: 5 days 19:54 hours
Hyper-V role detected

CPU: total 16 (initial active 16) (16 cores per cpu, 2 threads per core) family 25 model 80 stepping 0 microcode 0xa500014, cx8, cmov, fxsr, ht, mmx, 3dnowpref, sse, sse2, sse3, ssse3, sse4a, sse4.1, sse4.2, popcnt, lzcnt, tsc, tscinvbit, avx, avx2, aes, erms, clmul, bmi1, bmi2, adx, sha, fma, vzeroupper, clflush, clflushopt, hv, rdtscp, rdpid, fsrm, f16c, cet_ss
Processor Information for the first 16 processors :
  Max Mhz: 2000, Current Mhz: 1808, Mhz Limit: 1800

Memory: 4k page, system-wide physical 15711M (3089M free)
TotalPageFile size 35167M (AvailPageFile size 14242M)
current process WorkingSet (physical memory assigned to process): 23M, peak: 50M
current process commit charge ("private bytes"): 346M, peak: 346M

vm_info: OpenJDK 64-Bit Server VM (21.0.6+7-LTS) for windows-amd64 JRE (21.0.6+7-LTS), built on 2025-01-21T00:00:00Z by "admin" with MS VC++ 17.7 (VS2022)

END.
